// Jest Snapshot v1, https://goo.gl/fbAQLP

exports[`render without crashing render without crashing 1`] = `
ShallowWrapper {
  Symbol(enzyme.__root__): [Circular],
  Symbol(enzyme.__unrendered__): <PostContainer
    post={[MockFunction]}
    userType="guest"
  />,
  Symbol(enzyme.__renderer__): Object {
    "batchedUpdates": [Function],
    "getNode": [Function],
    "render": [Function],
    "simulateError": [Function],
    "simulateEvent": [Function],
    "unmount": [Function],
  },
  Symbol(enzyme.__node__): Object {
    "instance": null,
    "key": undefined,
    "nodeType": "host",
    "props": Object {
      "children": Array [
        <h2>
           Add Your Post :
        </h2>,
        <textarea
          onChange={[Function]}
          value=""
        />,
        <div
          className="action"
        >
          <button
            className="btn"
            onClick={[Function]}
          >
            Post
          </button>
        </div>,
        false,
      ],
      "className": "post",
    },
    "ref": null,
    "rendered": Array [
      Object {
        "instance": null,
        "key": undefined,
        "nodeType": "host",
        "props": Object {
          "children": " Add Your Post :",
        },
        "ref": null,
        "rendered": " Add Your Post :",
        "type": "h2",
      },
      Object {
        "instance": null,
        "key": undefined,
        "nodeType": "host",
        "props": Object {
          "onChange": [Function],
          "value": "",
        },
        "ref": null,
        "rendered": null,
        "type": "textarea",
      },
      Object {
        "instance": null,
        "key": undefined,
        "nodeType": "host",
        "props": Object {
          "children": Array [
            <button
              className="btn"
              onClick={[Function]}
            >
              Post
            </button>,
            false,
          ],
          "className": "action",
        },
        "ref": null,
        "rendered": Array [
          Object {
            "instance": null,
            "key": undefined,
            "nodeType": "host",
            "props": Object {
              "children": "Post",
              "className": "btn",
              "onClick": [Function],
            },
            "ref": null,
            "rendered": "Post",
            "type": "button",
          },
          false,
        ],
        "type": "div",
      },
      false,
    ],
    "type": "div",
  },
  Symbol(enzyme.__nodes__): Array [
    Object {
      "instance": null,
      "key": undefined,
      "nodeType": "host",
      "props": Object {
        "children": Array [
          <h2>
             Add Your Post :
          </h2>,
          <textarea
            onChange={[Function]}
            value=""
          />,
          <div
            className="action"
          >
            <button
              className="btn"
              onClick={[Function]}
            >
              Post
            </button>
          </div>,
          false,
        ],
        "className": "post",
      },
      "ref": null,
      "rendered": Array [
        Object {
          "instance": null,
          "key": undefined,
          "nodeType": "host",
          "props": Object {
            "children": " Add Your Post :",
          },
          "ref": null,
          "rendered": " Add Your Post :",
          "type": "h2",
        },
        Object {
          "instance": null,
          "key": undefined,
          "nodeType": "host",
          "props": Object {
            "onChange": [Function],
            "value": "",
          },
          "ref": null,
          "rendered": null,
          "type": "textarea",
        },
        Object {
          "instance": null,
          "key": undefined,
          "nodeType": "host",
          "props": Object {
            "children": Array [
              <button
                className="btn"
                onClick={[Function]}
              >
                Post
              </button>,
              false,
            ],
            "className": "action",
          },
          "ref": null,
          "rendered": Array [
            Object {
              "instance": null,
              "key": undefined,
              "nodeType": "host",
              "props": Object {
                "children": "Post",
                "className": "btn",
                "onClick": [Function],
              },
              "ref": null,
              "rendered": "Post",
              "type": "button",
            },
            false,
          ],
          "type": "div",
        },
        false,
      ],
      "type": "div",
    },
  ],
  Symbol(enzyme.__options__): Object {
    "adapter": ReactSixteenAdapter {
      "options": Object {
        "enableComponentDidUpdateOnSetState": true,
        "lifecycles": Object {
          "componentDidUpdate": Object {
            "onSetState": true,
          },
          "getDerivedStateFromProps": true,
          "getSnapshotBeforeUpdate": true,
          "setState": Object {
            "skipsComponentDidUpdateOnNullish": true,
          },
        },
      },
    },
  },
}
`;
